src/components/admin/product-form.tsx(160,18): error TS17008: JSX element 'div' has no corresponding closing tag.
src/components/site-header.tsx(29,1): error TS1003: Identifier expected.
src/components/site-header.tsx(29,8): error TS1005: ',' expected.
src/components/site-header.tsx(38,7): error TS1005: ';' expected.
